76437645745368467857345